{ code: '// adapted from https://developer.mozilla.org/en-US/docs/Web/JavaScript/Reference/Global_Objects/Map\nvar myMap = new Map();\n\nvar keyString = "a string",\n    keyObj = {},\n    keyFunc = function () {};\n\n// setting the values\nmyMap.set(keyString, "value associated with \'a string\'");\nmyMap.set(keyObj, "value associated with keyObj");\nmyMap.set(keyFunc, "value associated with keyFunc");\n\nconsole.log(myMap.size === 3); // 3\n\n// getting the values\nconsole.log(myMap.get(keyString));     // "value associated with \'a string\'"\nconsole.log(myMap.get(keyObj));        // "value associated with keyObj"\nconsole.log(myMap.get(keyFunc));       // "value associated with keyFunc"\n\nconsole.log(myMap.get("a string"));    // "value associated with \'a string\'"\n                                       // because keyString === \'a string\'\nconsole.log(myMap.get({}));            // undefined, because keyObj !== {}\nconsole.log(myMap.get(function() {})); // undefined, because keyFunc !== function () {}',
  trace: 
   [ { stdout: '',
       func_name: '',
       stack_to_render: [],
       globals: 
        { myMap: [ 'JS_SPECIAL_VAL', 'undefined' ],
          keyString: [ 'JS_SPECIAL_VAL', 'undefined' ],
          keyObj: [ 'JS_SPECIAL_VAL', 'undefined' ],
          keyFunc: [ 'JS_SPECIAL_VAL', 'undefined' ] },
       ordered_globals: [ 'myMap', 'keyString', 'keyObj', 'keyFunc' ],
       line: 2,
       col: 0,
       event: 'step_line',
       heap: {} },
     { stdout: '',
       func_name: '',
       stack_to_render: [],
       globals: 
        { myMap: [ 'DICT' ],
          keyString: [ 'JS_SPECIAL_VAL', 'undefined' ],
          keyObj: [ 'JS_SPECIAL_VAL', 'undefined' ],
          keyFunc: [ 'JS_SPECIAL_VAL', 'undefined' ] },
       ordered_globals: [ 'myMap', 'keyString', 'keyObj', 'keyFunc' ],
       line: 4,
       col: 0,
       event: 'step_line',
       heap: {} },
     { stdout: '',
       func_name: '',
       stack_to_render: [],
       globals: 
        { myMap: [ 'DICT' ],
          keyString: 'a string',
          keyObj: [ 'REF', 1 ],
          keyFunc: [ 'REF', 2 ] },
       ordered_globals: [ 'myMap', 'keyString', 'keyObj', 'keyFunc' ],
       line: 9,
       col: 0,
       event: 'step_line',
       heap: 
        { '1': [ 'INSTANCE', '' ],
          '2': [ 'JS_FUNCTION', '', 'function () {}', null, null ] } },
     { stdout: '',
       func_name: '',
       stack_to_render: [],
       globals: 
        { myMap: [ 'DICT', [ 'a string', 'value associated with \'a string\'' ] ],
          keyString: 'a string',
          keyObj: [ 'REF', 1 ],
          keyFunc: [ 'REF', 2 ] },
       ordered_globals: [ 'myMap', 'keyString', 'keyObj', 'keyFunc' ],
       line: 10,
       col: 0,
       event: 'step_line',
       heap: 
        { '1': [ 'INSTANCE', '' ],
          '2': [ 'JS_FUNCTION', '', 'function () {}', null, null ] } },
     { stdout: '',
       func_name: '',
       stack_to_render: [],
       globals: 
        { myMap: 
           [ 'DICT',
             [ 'a string', 'value associated with \'a string\'' ],
             [ [ 'REF', 1 ], 'value associated with keyObj' ] ],
          keyString: 'a string',
          keyObj: [ 'REF', 1 ],
          keyFunc: [ 'REF', 2 ] },
       ordered_globals: [ 'myMap', 'keyString', 'keyObj', 'keyFunc' ],
       line: 11,
       col: 0,
       event: 'step_line',
       heap: 
        { '1': [ 'INSTANCE', '' ],
          '2': [ 'JS_FUNCTION', '', 'function () {}', null, null ] } },
     { stdout: '',
       func_name: '',
       stack_to_render: [],
       globals: 
        { myMap: 
           [ 'DICT',
             [ 'a string', 'value associated with \'a string\'' ],
             [ [ 'REF', 1 ], 'value associated with keyObj' ],
             [ [ 'REF', 2 ], 'value associated with keyFunc' ] ],
          keyString: 'a string',
          keyObj: [ 'REF', 1 ],
          keyFunc: [ 'REF', 2 ] },
       ordered_globals: [ 'myMap', 'keyString', 'keyObj', 'keyFunc' ],
       line: 13,
       col: 0,
       event: 'step_line',
       heap: 
        { '1': [ 'INSTANCE', '' ],
          '2': [ 'JS_FUNCTION', '', 'function () {}', null, null ] } },
     { stdout: 'true\n',
       func_name: '',
       stack_to_render: [],
       globals: 
        { myMap: 
           [ 'DICT',
             [ 'a string', 'value associated with \'a string\'' ],
             [ [ 'REF', 1 ], 'value associated with keyObj' ],
             [ [ 'REF', 2 ], 'value associated with keyFunc' ] ],
          keyString: 'a string',
          keyObj: [ 'REF', 1 ],
          keyFunc: [ 'REF', 2 ] },
       ordered_globals: [ 'myMap', 'keyString', 'keyObj', 'keyFunc' ],
       line: 16,
       col: 0,
       event: 'step_line',
       heap: 
        { '1': [ 'INSTANCE', '' ],
          '2': [ 'JS_FUNCTION', '', 'function () {}', null, null ] } },
     { stdout: 'true\nvalue associated with \'a string\'\n',
       func_name: '',
       stack_to_render: [],
       globals: 
        { myMap: 
           [ 'DICT',
             [ 'a string', 'value associated with \'a string\'' ],
             [ [ 'REF', 1 ], 'value associated with keyObj' ],
             [ [ 'REF', 2 ], 'value associated with keyFunc' ] ],
          keyString: 'a string',
          keyObj: [ 'REF', 1 ],
          keyFunc: [ 'REF', 2 ] },
       ordered_globals: [ 'myMap', 'keyString', 'keyObj', 'keyFunc' ],
       line: 17,
       col: 0,
       event: 'step_line',
       heap: 
        { '1': [ 'INSTANCE', '' ],
          '2': [ 'JS_FUNCTION', '', 'function () {}', null, null ] } },
     { stdout: 'true\nvalue associated with \'a string\'\nvalue associated with keyObj\n',
       func_name: '',
       stack_to_render: [],
       globals: 
        { myMap: 
           [ 'DICT',
             [ 'a string', 'value associated with \'a string\'' ],
             [ [ 'REF', 1 ], 'value associated with keyObj' ],
             [ [ 'REF', 2 ], 'value associated with keyFunc' ] ],
          keyString: 'a string',
          keyObj: [ 'REF', 1 ],
          keyFunc: [ 'REF', 2 ] },
       ordered_globals: [ 'myMap', 'keyString', 'keyObj', 'keyFunc' ],
       line: 18,
       col: 0,
       event: 'step_line',
       heap: 
        { '1': [ 'INSTANCE', '' ],
          '2': [ 'JS_FUNCTION', '', 'function () {}', null, null ] } },
     { stdout: 'true\nvalue associated with \'a string\'\nvalue associated with keyObj\nvalue associated with keyFunc\n',
       func_name: '',
       stack_to_render: [],
       globals: 
        { myMap: 
           [ 'DICT',
             [ 'a string', 'value associated with \'a string\'' ],
             [ [ 'REF', 1 ], 'value associated with keyObj' ],
             [ [ 'REF', 2 ], 'value associated with keyFunc' ] ],
          keyString: 'a string',
          keyObj: [ 'REF', 1 ],
          keyFunc: [ 'REF', 2 ] },
       ordered_globals: [ 'myMap', 'keyString', 'keyObj', 'keyFunc' ],
       line: 20,
       col: 0,
       event: 'step_line',
       heap: 
        { '1': [ 'INSTANCE', '' ],
          '2': [ 'JS_FUNCTION', '', 'function () {}', null, null ] } },
     { stdout: 'true\nvalue associated with \'a string\'\nvalue associated with keyObj\nvalue associated with keyFunc\nvalue associated with \'a string\'\n',
       func_name: '',
       stack_to_render: [],
       globals: 
        { myMap: 
           [ 'DICT',
             [ 'a string', 'value associated with \'a string\'' ],
             [ [ 'REF', 1 ], 'value associated with keyObj' ],
             [ [ 'REF', 2 ], 'value associated with keyFunc' ] ],
          keyString: 'a string',
          keyObj: [ 'REF', 1 ],
          keyFunc: [ 'REF', 2 ] },
       ordered_globals: [ 'myMap', 'keyString', 'keyObj', 'keyFunc' ],
       line: 22,
       col: 0,
       event: 'step_line',
       heap: 
        { '1': [ 'INSTANCE', '' ],
          '2': [ 'JS_FUNCTION', '', 'function () {}', null, null ] } },
     { stdout: 'true\nvalue associated with \'a string\'\nvalue associated with keyObj\nvalue associated with keyFunc\nvalue associated with \'a string\'\nundefined\n',
       func_name: '',
       stack_to_render: [],
       globals: 
        { myMap: 
           [ 'DICT',
             [ 'a string', 'value associated with \'a string\'' ],
             [ [ 'REF', 1 ], 'value associated with keyObj' ],
             [ [ 'REF', 2 ], 'value associated with keyFunc' ] ],
          keyString: 'a string',
          keyObj: [ 'REF', 1 ],
          keyFunc: [ 'REF', 2 ] },
       ordered_globals: [ 'myMap', 'keyString', 'keyObj', 'keyFunc' ],
       line: 23,
       col: 0,
       event: 'step_line',
       heap: 
        { '1': [ 'INSTANCE', '' ],
          '2': [ 'JS_FUNCTION', '', 'function () {}', null, null ] } },
     { stdout: 'true\nvalue associated with \'a string\'\nvalue associated with keyObj\nvalue associated with keyFunc\nvalue associated with \'a string\'\nundefined\nundefined\n',
       func_name: '',
       stack_to_render: [],
       globals: 
        { myMap: 
           [ 'DICT',
             [ 'a string', 'value associated with \'a string\'' ],
             [ [ 'REF', 1 ], 'value associated with keyObj' ],
             [ [ 'REF', 2 ], 'value associated with keyFunc' ] ],
          keyString: 'a string',
          keyObj: [ 'REF', 1 ],
          keyFunc: [ 'REF', 2 ] },
       ordered_globals: [ 'myMap', 'keyString', 'keyObj', 'keyFunc' ],
       line: 23,
       col: 87,
       event: 'step_line',
       heap: 
        { '1': [ 'INSTANCE', '' ],
          '2': [ 'JS_FUNCTION', '', 'function () {}', null, null ] } } ] }
