{ code: 'var x = 5;\ny = 5; // error in strict mode\nz = x + y;',
  trace: 
   [ { stdout: '',
       func_name: '',
       stack_to_render: [],
       globals: { x: [ 'JS_SPECIAL_VAL', 'undefined' ] },
       ordered_globals: [ 'x' ],
       line: 1,
       col: 0,
       event: 'step_line',
       heap: {} },
     { stdout: '',
       func_name: '',
       stack_to_render: [],
       globals: { x: 5 },
       ordered_globals: [ 'x' ],
       line: 2,
       col: 2,
       event: 'step_line',
       heap: {} },
     { exception_msg: 'ReferenceError: y is not defined\n(Uncaught Exception: execution ended due to current limits of\nthis visualizer. \'finally\' blocks and other code might not be run.)',
       stdout: '',
       func_name: '',
       stack_to_render: [],
       globals: { x: 5 },
       ordered_globals: [ 'x' ],
       line: 0,
       col: 2,
       event: 'uncaught_exception',
       heap: {} } ] }
