{
  "code": "# Adapted from Learning Ruby by Michael Fitzgerald, O'Reilly\n\ndef gimme\n  if block_given?\n    yield\n  else\n    print \"Oops, no block.\"\n  end\n  puts \" You're welcome.\"\nend\n\ngimme { print \"Thank you.\" }\n\ngimme do\n  localX = \"Thank you again.\"\n  print localX\nend\n\ngimme # no block\n",
  "trace": [
    {
      "func_name": "<toplevel>",
      "line": 3,
      "event": "step_line",
      "stdout": "",
      "stack_to_render": [
        {
          "is_highlighted": true,
          "func_name": "<main>:3",
          "frame_id": 1,
          "unique_hash": "<main>:3_f1",
          "is_parent": false,
          "is_zombie": false,
          "parent_frame_id_list": [

          ],
          "ordered_varnames": [

          ],
          "encoded_locals": {
          }
        }
      ],
      "heap": {
      },
      "globals": {
      },
      "ordered_globals": [

      ]
    },
    {
      "func_name": "<toplevel>",
      "line": 12,
      "event": "step_line",
      "stdout": "",
      "stack_to_render": [
        {
          "is_highlighted": true,
          "func_name": "<main>:12",
          "frame_id": 1,
          "unique_hash": "<main>:12_f1",
          "is_parent": false,
          "is_zombie": false,
          "parent_frame_id_list": [

          ],
          "ordered_varnames": [

          ],
          "encoded_locals": {
          }
        }
      ],
      "heap": {
      },
      "globals": {
        "gimme": "#<Method: Class(Object)#gimme>"
      },
      "ordered_globals": [
        "gimme"
      ]
    },
    {
      "func_name": "<toplevel>",
      "line": 3,
      "event": "call",
      "stdout": "",
      "stack_to_render": [
        {
          "is_highlighted": false,
          "func_name": "<main>:12",
          "frame_id": 1,
          "unique_hash": "<main>:12_f1",
          "is_parent": false,
          "is_zombie": false,
          "parent_frame_id_list": [

          ],
          "ordered_varnames": [

          ],
          "encoded_locals": {
          }
        },
        {
          "is_highlighted": true,
          "func_name": "gimme:3",
          "frame_id": 2,
          "unique_hash": "gimme:3_f2",
          "is_parent": false,
          "is_zombie": false,
          "parent_frame_id_list": [

          ],
          "ordered_varnames": [

          ],
          "encoded_locals": {
          }
        }
      ],
      "heap": {
      },
      "globals": {
        "gimme": "#<Method: Class(Object)#gimme>"
      },
      "ordered_globals": [
        "gimme"
      ]
    },
    {
      "func_name": "<toplevel>",
      "line": 4,
      "event": "step_line",
      "stdout": "",
      "stack_to_render": [
        {
          "is_highlighted": false,
          "func_name": "<main>:12",
          "frame_id": 1,
          "unique_hash": "<main>:12_f1",
          "is_parent": false,
          "is_zombie": false,
          "parent_frame_id_list": [

          ],
          "ordered_varnames": [

          ],
          "encoded_locals": {
          }
        },
        {
          "is_highlighted": true,
          "func_name": "gimme:4",
          "frame_id": 2,
          "unique_hash": "gimme:4_f2",
          "is_parent": false,
          "is_zombie": false,
          "parent_frame_id_list": [

          ],
          "ordered_varnames": [

          ],
          "encoded_locals": {
          }
        }
      ],
      "heap": {
      },
      "globals": {
        "gimme": "#<Method: Class(Object)#gimme>"
      },
      "ordered_globals": [
        "gimme"
      ]
    },
    {
      "func_name": "<toplevel>",
      "line": 5,
      "event": "step_line",
      "stdout": "",
      "stack_to_render": [
        {
          "is_highlighted": false,
          "func_name": "<main>:12",
          "frame_id": 1,
          "unique_hash": "<main>:12_f1",
          "is_parent": false,
          "is_zombie": false,
          "parent_frame_id_list": [

          ],
          "ordered_varnames": [

          ],
          "encoded_locals": {
          }
        },
        {
          "is_highlighted": true,
          "func_name": "gimme:5",
          "frame_id": 2,
          "unique_hash": "gimme:5_f2",
          "is_parent": false,
          "is_zombie": false,
          "parent_frame_id_list": [

          ],
          "ordered_varnames": [

          ],
          "encoded_locals": {
          }
        }
      ],
      "heap": {
      },
      "globals": {
        "gimme": "#<Method: Class(Object)#gimme>"
      },
      "ordered_globals": [
        "gimme"
      ]
    },
    {
      "func_name": "<toplevel>",
      "line": 12,
      "event": "call",
      "stdout": "",
      "stack_to_render": [
        {
          "is_highlighted": false,
          "func_name": "<main>:12",
          "frame_id": 1,
          "unique_hash": "<main>:12_f1",
          "is_parent": false,
          "is_zombie": false,
          "parent_frame_id_list": [

          ],
          "ordered_varnames": [

          ],
          "encoded_locals": {
          }
        },
        {
          "is_highlighted": false,
          "func_name": "gimme:5",
          "frame_id": 2,
          "unique_hash": "gimme:5_f2",
          "is_parent": false,
          "is_zombie": false,
          "parent_frame_id_list": [

          ],
          "ordered_varnames": [

          ],
          "encoded_locals": {
          }
        },
        {
          "is_highlighted": true,
          "func_name": "block in <main>:12",
          "frame_id": 3,
          "unique_hash": "block in <main>:12_f3",
          "is_parent": false,
          "is_zombie": false,
          "parent_frame_id_list": [

          ],
          "ordered_varnames": [

          ],
          "encoded_locals": {
          }
        }
      ],
      "heap": {
      },
      "globals": {
        "gimme": "#<Method: Class(Object)#gimme>"
      },
      "ordered_globals": [
        "gimme"
      ]
    },
    {
      "func_name": "<toplevel>",
      "line": 12,
      "event": "step_line",
      "stdout": "",
      "stack_to_render": [
        {
          "is_highlighted": false,
          "func_name": "<main>:12",
          "frame_id": 1,
          "unique_hash": "<main>:12_f1",
          "is_parent": false,
          "is_zombie": false,
          "parent_frame_id_list": [

          ],
          "ordered_varnames": [

          ],
          "encoded_locals": {
          }
        },
        {
          "is_highlighted": false,
          "func_name": "gimme:5",
          "frame_id": 2,
          "unique_hash": "gimme:5_f2",
          "is_parent": false,
          "is_zombie": false,
          "parent_frame_id_list": [

          ],
          "ordered_varnames": [

          ],
          "encoded_locals": {
          }
        },
        {
          "is_highlighted": true,
          "func_name": "block in <main>:12",
          "frame_id": 3,
          "unique_hash": "block in <main>:12_f3",
          "is_parent": false,
          "is_zombie": false,
          "parent_frame_id_list": [

          ],
          "ordered_varnames": [

          ],
          "encoded_locals": {
          }
        }
      ],
      "heap": {
      },
      "globals": {
        "gimme": "#<Method: Class(Object)#gimme>"
      },
      "ordered_globals": [
        "gimme"
      ]
    },
    {
      "func_name": "<toplevel>",
      "line": 12,
      "event": "return",
      "stdout": "Thank you.",
      "stack_to_render": [
        {
          "is_highlighted": false,
          "func_name": "<main>:12",
          "frame_id": 1,
          "unique_hash": "<main>:12_f1",
          "is_parent": false,
          "is_zombie": false,
          "parent_frame_id_list": [

          ],
          "ordered_varnames": [

          ],
          "encoded_locals": {
          }
        },
        {
          "is_highlighted": false,
          "func_name": "gimme:5",
          "frame_id": 2,
          "unique_hash": "gimme:5_f2",
          "is_parent": false,
          "is_zombie": false,
          "parent_frame_id_list": [

          ],
          "ordered_varnames": [

          ],
          "encoded_locals": {
          }
        },
        {
          "is_highlighted": true,
          "func_name": "block in <main>:12",
          "frame_id": 3,
          "unique_hash": "block in <main>:12_f3",
          "is_parent": false,
          "is_zombie": false,
          "parent_frame_id_list": [

          ],
          "ordered_varnames": [
            "__return__"
          ],
          "encoded_locals": {
            "__return__": "nil"
          }
        }
      ],
      "heap": {
      },
      "globals": {
        "gimme": "#<Method: Class(Object)#gimme>"
      },
      "ordered_globals": [
        "gimme"
      ]
    },
    {
      "func_name": "<toplevel>",
      "line": 9,
      "event": "step_line",
      "stdout": "Thank you.",
      "stack_to_render": [
        {
          "is_highlighted": false,
          "func_name": "<main>:12",
          "frame_id": 1,
          "unique_hash": "<main>:12_f1",
          "is_parent": false,
          "is_zombie": false,
          "parent_frame_id_list": [

          ],
          "ordered_varnames": [

          ],
          "encoded_locals": {
          }
        },
        {
          "is_highlighted": true,
          "func_name": "gimme:9",
          "frame_id": 2,
          "unique_hash": "gimme:9_f2",
          "is_parent": false,
          "is_zombie": false,
          "parent_frame_id_list": [

          ],
          "ordered_varnames": [

          ],
          "encoded_locals": {
          }
        }
      ],
      "heap": {
      },
      "globals": {
        "gimme": "#<Method: Class(Object)#gimme>"
      },
      "ordered_globals": [
        "gimme"
      ]
    },
    {
      "func_name": "<toplevel>",
      "line": 10,
      "event": "return",
      "stdout": "Thank you. You're welcome.\n",
      "stack_to_render": [
        {
          "is_highlighted": false,
          "func_name": "<main>:12",
          "frame_id": 1,
          "unique_hash": "<main>:12_f1",
          "is_parent": false,
          "is_zombie": false,
          "parent_frame_id_list": [

          ],
          "ordered_varnames": [

          ],
          "encoded_locals": {
          }
        },
        {
          "is_highlighted": true,
          "func_name": "gimme:10",
          "frame_id": 2,
          "unique_hash": "gimme:10_f2",
          "is_parent": false,
          "is_zombie": false,
          "parent_frame_id_list": [

          ],
          "ordered_varnames": [
            "__return__"
          ],
          "encoded_locals": {
            "__return__": "nil"
          }
        }
      ],
      "heap": {
      },
      "globals": {
        "gimme": "#<Method: Class(Object)#gimme>"
      },
      "ordered_globals": [
        "gimme"
      ]
    },
    {
      "func_name": "<toplevel>",
      "line": 14,
      "event": "step_line",
      "stdout": "Thank you. You're welcome.\n",
      "stack_to_render": [
        {
          "is_highlighted": true,
          "func_name": "<main>:14",
          "frame_id": 1,
          "unique_hash": "<main>:14_f1",
          "is_parent": false,
          "is_zombie": false,
          "parent_frame_id_list": [

          ],
          "ordered_varnames": [

          ],
          "encoded_locals": {
          }
        }
      ],
      "heap": {
      },
      "globals": {
        "gimme": "#<Method: Class(Object)#gimme>"
      },
      "ordered_globals": [
        "gimme"
      ]
    },
    {
      "func_name": "<toplevel>",
      "line": 3,
      "event": "call",
      "stdout": "Thank you. You're welcome.\n",
      "stack_to_render": [
        {
          "is_highlighted": false,
          "func_name": "<main>:14",
          "frame_id": 1,
          "unique_hash": "<main>:14_f1",
          "is_parent": false,
          "is_zombie": false,
          "parent_frame_id_list": [

          ],
          "ordered_varnames": [

          ],
          "encoded_locals": {
          }
        },
        {
          "is_highlighted": true,
          "func_name": "gimme:3",
          "frame_id": 2,
          "unique_hash": "gimme:3_f2",
          "is_parent": false,
          "is_zombie": false,
          "parent_frame_id_list": [

          ],
          "ordered_varnames": [

          ],
          "encoded_locals": {
          }
        }
      ],
      "heap": {
      },
      "globals": {
        "gimme": "#<Method: Class(Object)#gimme>"
      },
      "ordered_globals": [
        "gimme"
      ]
    },
    {
      "func_name": "<toplevel>",
      "line": 4,
      "event": "step_line",
      "stdout": "Thank you. You're welcome.\n",
      "stack_to_render": [
        {
          "is_highlighted": false,
          "func_name": "<main>:14",
          "frame_id": 1,
          "unique_hash": "<main>:14_f1",
          "is_parent": false,
          "is_zombie": false,
          "parent_frame_id_list": [

          ],
          "ordered_varnames": [

          ],
          "encoded_locals": {
          }
        },
        {
          "is_highlighted": true,
          "func_name": "gimme:4",
          "frame_id": 2,
          "unique_hash": "gimme:4_f2",
          "is_parent": false,
          "is_zombie": false,
          "parent_frame_id_list": [

          ],
          "ordered_varnames": [

          ],
          "encoded_locals": {
          }
        }
      ],
      "heap": {
      },
      "globals": {
        "gimme": "#<Method: Class(Object)#gimme>"
      },
      "ordered_globals": [
        "gimme"
      ]
    },
    {
      "func_name": "<toplevel>",
      "line": 5,
      "event": "step_line",
      "stdout": "Thank you. You're welcome.\n",
      "stack_to_render": [
        {
          "is_highlighted": false,
          "func_name": "<main>:14",
          "frame_id": 1,
          "unique_hash": "<main>:14_f1",
          "is_parent": false,
          "is_zombie": false,
          "parent_frame_id_list": [

          ],
          "ordered_varnames": [

          ],
          "encoded_locals": {
          }
        },
        {
          "is_highlighted": true,
          "func_name": "gimme:5",
          "frame_id": 2,
          "unique_hash": "gimme:5_f2",
          "is_parent": false,
          "is_zombie": false,
          "parent_frame_id_list": [

          ],
          "ordered_varnames": [

          ],
          "encoded_locals": {
          }
        }
      ],
      "heap": {
      },
      "globals": {
        "gimme": "#<Method: Class(Object)#gimme>"
      },
      "ordered_globals": [
        "gimme"
      ]
    },
    {
      "func_name": "<toplevel>",
      "line": 14,
      "event": "call",
      "stdout": "Thank you. You're welcome.\n",
      "stack_to_render": [
        {
          "is_highlighted": false,
          "func_name": "<main>:14",
          "frame_id": 1,
          "unique_hash": "<main>:14_f1",
          "is_parent": false,
          "is_zombie": false,
          "parent_frame_id_list": [

          ],
          "ordered_varnames": [

          ],
          "encoded_locals": {
          }
        },
        {
          "is_highlighted": false,
          "func_name": "gimme:5",
          "frame_id": 2,
          "unique_hash": "gimme:5_f2",
          "is_parent": false,
          "is_zombie": false,
          "parent_frame_id_list": [

          ],
          "ordered_varnames": [

          ],
          "encoded_locals": {
          }
        },
        {
          "is_highlighted": true,
          "func_name": "block in <main>:14",
          "frame_id": 3,
          "unique_hash": "block in <main>:14_f3",
          "is_parent": false,
          "is_zombie": false,
          "parent_frame_id_list": [

          ],
          "ordered_varnames": [
            "localX"
          ],
          "encoded_locals": {
            "localX": "nil"
          }
        }
      ],
      "heap": {
      },
      "globals": {
        "gimme": "#<Method: Class(Object)#gimme>"
      },
      "ordered_globals": [
        "gimme"
      ]
    },
    {
      "func_name": "<toplevel>",
      "line": 15,
      "event": "step_line",
      "stdout": "Thank you. You're welcome.\n",
      "stack_to_render": [
        {
          "is_highlighted": false,
          "func_name": "<main>:14",
          "frame_id": 1,
          "unique_hash": "<main>:14_f1",
          "is_parent": false,
          "is_zombie": false,
          "parent_frame_id_list": [

          ],
          "ordered_varnames": [

          ],
          "encoded_locals": {
          }
        },
        {
          "is_highlighted": false,
          "func_name": "gimme:5",
          "frame_id": 2,
          "unique_hash": "gimme:5_f2",
          "is_parent": false,
          "is_zombie": false,
          "parent_frame_id_list": [

          ],
          "ordered_varnames": [

          ],
          "encoded_locals": {
          }
        },
        {
          "is_highlighted": true,
          "func_name": "block in <main>:15",
          "frame_id": 3,
          "unique_hash": "block in <main>:15_f3",
          "is_parent": false,
          "is_zombie": false,
          "parent_frame_id_list": [

          ],
          "ordered_varnames": [
            "localX"
          ],
          "encoded_locals": {
            "localX": "nil"
          }
        }
      ],
      "heap": {
      },
      "globals": {
        "gimme": "#<Method: Class(Object)#gimme>"
      },
      "ordered_globals": [
        "gimme"
      ]
    },
    {
      "func_name": "<toplevel>",
      "line": 16,
      "event": "step_line",
      "stdout": "Thank you. You're welcome.\n",
      "stack_to_render": [
        {
          "is_highlighted": false,
          "func_name": "<main>:14",
          "frame_id": 1,
          "unique_hash": "<main>:14_f1",
          "is_parent": false,
          "is_zombie": false,
          "parent_frame_id_list": [

          ],
          "ordered_varnames": [

          ],
          "encoded_locals": {
          }
        },
        {
          "is_highlighted": false,
          "func_name": "gimme:5",
          "frame_id": 2,
          "unique_hash": "gimme:5_f2",
          "is_parent": false,
          "is_zombie": false,
          "parent_frame_id_list": [

          ],
          "ordered_varnames": [

          ],
          "encoded_locals": {
          }
        },
        {
          "is_highlighted": true,
          "func_name": "block in <main>:16",
          "frame_id": 3,
          "unique_hash": "block in <main>:16_f3",
          "is_parent": false,
          "is_zombie": false,
          "parent_frame_id_list": [

          ],
          "ordered_varnames": [
            "localX"
          ],
          "encoded_locals": {
            "localX": "\"Thank you again.\""
          }
        }
      ],
      "heap": {
      },
      "globals": {
        "gimme": "#<Method: Class(Object)#gimme>"
      },
      "ordered_globals": [
        "gimme"
      ]
    },
    {
      "func_name": "<toplevel>",
      "line": 17,
      "event": "return",
      "stdout": "Thank you. You're welcome.\nThank you again.",
      "stack_to_render": [
        {
          "is_highlighted": false,
          "func_name": "<main>:14",
          "frame_id": 1,
          "unique_hash": "<main>:14_f1",
          "is_parent": false,
          "is_zombie": false,
          "parent_frame_id_list": [

          ],
          "ordered_varnames": [

          ],
          "encoded_locals": {
          }
        },
        {
          "is_highlighted": false,
          "func_name": "gimme:5",
          "frame_id": 2,
          "unique_hash": "gimme:5_f2",
          "is_parent": false,
          "is_zombie": false,
          "parent_frame_id_list": [

          ],
          "ordered_varnames": [

          ],
          "encoded_locals": {
          }
        },
        {
          "is_highlighted": true,
          "func_name": "block in <main>:17",
          "frame_id": 3,
          "unique_hash": "block in <main>:17_f3",
          "is_parent": false,
          "is_zombie": false,
          "parent_frame_id_list": [

          ],
          "ordered_varnames": [
            "localX",
            "__return__"
          ],
          "encoded_locals": {
            "localX": "\"Thank you again.\"",
            "__return__": "nil"
          }
        }
      ],
      "heap": {
      },
      "globals": {
        "gimme": "#<Method: Class(Object)#gimme>"
      },
      "ordered_globals": [
        "gimme"
      ]
    },
    {
      "func_name": "<toplevel>",
      "line": 9,
      "event": "step_line",
      "stdout": "Thank you. You're welcome.\nThank you again.",
      "stack_to_render": [
        {
          "is_highlighted": false,
          "func_name": "<main>:14",
          "frame_id": 1,
          "unique_hash": "<main>:14_f1",
          "is_parent": false,
          "is_zombie": false,
          "parent_frame_id_list": [

          ],
          "ordered_varnames": [

          ],
          "encoded_locals": {
          }
        },
        {
          "is_highlighted": true,
          "func_name": "gimme:9",
          "frame_id": 2,
          "unique_hash": "gimme:9_f2",
          "is_parent": false,
          "is_zombie": false,
          "parent_frame_id_list": [

          ],
          "ordered_varnames": [

          ],
          "encoded_locals": {
          }
        }
      ],
      "heap": {
      },
      "globals": {
        "gimme": "#<Method: Class(Object)#gimme>"
      },
      "ordered_globals": [
        "gimme"
      ]
    },
    {
      "func_name": "<toplevel>",
      "line": 10,
      "event": "return",
      "stdout": "Thank you. You're welcome.\nThank you again. You're welcome.\n",
      "stack_to_render": [
        {
          "is_highlighted": false,
          "func_name": "<main>:14",
          "frame_id": 1,
          "unique_hash": "<main>:14_f1",
          "is_parent": false,
          "is_zombie": false,
          "parent_frame_id_list": [

          ],
          "ordered_varnames": [

          ],
          "encoded_locals": {
          }
        },
        {
          "is_highlighted": true,
          "func_name": "gimme:10",
          "frame_id": 2,
          "unique_hash": "gimme:10_f2",
          "is_parent": false,
          "is_zombie": false,
          "parent_frame_id_list": [

          ],
          "ordered_varnames": [
            "__return__"
          ],
          "encoded_locals": {
            "__return__": "nil"
          }
        }
      ],
      "heap": {
      },
      "globals": {
        "gimme": "#<Method: Class(Object)#gimme>"
      },
      "ordered_globals": [
        "gimme"
      ]
    },
    {
      "func_name": "<toplevel>",
      "line": 19,
      "event": "step_line",
      "stdout": "Thank you. You're welcome.\nThank you again. You're welcome.\n",
      "stack_to_render": [
        {
          "is_highlighted": true,
          "func_name": "<main>:19",
          "frame_id": 1,
          "unique_hash": "<main>:19_f1",
          "is_parent": false,
          "is_zombie": false,
          "parent_frame_id_list": [

          ],
          "ordered_varnames": [

          ],
          "encoded_locals": {
          }
        }
      ],
      "heap": {
      },
      "globals": {
        "gimme": "#<Method: Class(Object)#gimme>"
      },
      "ordered_globals": [
        "gimme"
      ]
    },
    {
      "func_name": "<toplevel>",
      "line": 3,
      "event": "call",
      "stdout": "Thank you. You're welcome.\nThank you again. You're welcome.\n",
      "stack_to_render": [
        {
          "is_highlighted": false,
          "func_name": "<main>:19",
          "frame_id": 1,
          "unique_hash": "<main>:19_f1",
          "is_parent": false,
          "is_zombie": false,
          "parent_frame_id_list": [

          ],
          "ordered_varnames": [

          ],
          "encoded_locals": {
          }
        },
        {
          "is_highlighted": true,
          "func_name": "gimme:3",
          "frame_id": 2,
          "unique_hash": "gimme:3_f2",
          "is_parent": false,
          "is_zombie": false,
          "parent_frame_id_list": [

          ],
          "ordered_varnames": [

          ],
          "encoded_locals": {
          }
        }
      ],
      "heap": {
      },
      "globals": {
        "gimme": "#<Method: Class(Object)#gimme>"
      },
      "ordered_globals": [
        "gimme"
      ]
    },
    {
      "func_name": "<toplevel>",
      "line": 4,
      "event": "step_line",
      "stdout": "Thank you. You're welcome.\nThank you again. You're welcome.\n",
      "stack_to_render": [
        {
          "is_highlighted": false,
          "func_name": "<main>:19",
          "frame_id": 1,
          "unique_hash": "<main>:19_f1",
          "is_parent": false,
          "is_zombie": false,
          "parent_frame_id_list": [

          ],
          "ordered_varnames": [

          ],
          "encoded_locals": {
          }
        },
        {
          "is_highlighted": true,
          "func_name": "gimme:4",
          "frame_id": 2,
          "unique_hash": "gimme:4_f2",
          "is_parent": false,
          "is_zombie": false,
          "parent_frame_id_list": [

          ],
          "ordered_varnames": [

          ],
          "encoded_locals": {
          }
        }
      ],
      "heap": {
      },
      "globals": {
        "gimme": "#<Method: Class(Object)#gimme>"
      },
      "ordered_globals": [
        "gimme"
      ]
    },
    {
      "func_name": "<toplevel>",
      "line": 7,
      "event": "step_line",
      "stdout": "Thank you. You're welcome.\nThank you again. You're welcome.\n",
      "stack_to_render": [
        {
          "is_highlighted": false,
          "func_name": "<main>:19",
          "frame_id": 1,
          "unique_hash": "<main>:19_f1",
          "is_parent": false,
          "is_zombie": false,
          "parent_frame_id_list": [

          ],
          "ordered_varnames": [

          ],
          "encoded_locals": {
          }
        },
        {
          "is_highlighted": true,
          "func_name": "gimme:7",
          "frame_id": 2,
          "unique_hash": "gimme:7_f2",
          "is_parent": false,
          "is_zombie": false,
          "parent_frame_id_list": [

          ],
          "ordered_varnames": [

          ],
          "encoded_locals": {
          }
        }
      ],
      "heap": {
      },
      "globals": {
        "gimme": "#<Method: Class(Object)#gimme>"
      },
      "ordered_globals": [
        "gimme"
      ]
    },
    {
      "func_name": "<toplevel>",
      "line": 9,
      "event": "step_line",
      "stdout": "Thank you. You're welcome.\nThank you again. You're welcome.\nOops, no block.",
      "stack_to_render": [
        {
          "is_highlighted": false,
          "func_name": "<main>:19",
          "frame_id": 1,
          "unique_hash": "<main>:19_f1",
          "is_parent": false,
          "is_zombie": false,
          "parent_frame_id_list": [

          ],
          "ordered_varnames": [

          ],
          "encoded_locals": {
          }
        },
        {
          "is_highlighted": true,
          "func_name": "gimme:9",
          "frame_id": 2,
          "unique_hash": "gimme:9_f2",
          "is_parent": false,
          "is_zombie": false,
          "parent_frame_id_list": [

          ],
          "ordered_varnames": [

          ],
          "encoded_locals": {
          }
        }
      ],
      "heap": {
      },
      "globals": {
        "gimme": "#<Method: Class(Object)#gimme>"
      },
      "ordered_globals": [
        "gimme"
      ]
    },
    {
      "func_name": "<toplevel>",
      "line": 10,
      "event": "return",
      "stdout": "Thank you. You're welcome.\nThank you again. You're welcome.\nOops, no block. You're welcome.\n",
      "stack_to_render": [
        {
          "is_highlighted": false,
          "func_name": "<main>:19",
          "frame_id": 1,
          "unique_hash": "<main>:19_f1",
          "is_parent": false,
          "is_zombie": false,
          "parent_frame_id_list": [

          ],
          "ordered_varnames": [

          ],
          "encoded_locals": {
          }
        },
        {
          "is_highlighted": true,
          "func_name": "gimme:10",
          "frame_id": 2,
          "unique_hash": "gimme:10_f2",
          "is_parent": false,
          "is_zombie": false,
          "parent_frame_id_list": [

          ],
          "ordered_varnames": [
            "__return__"
          ],
          "encoded_locals": {
            "__return__": "nil"
          }
        }
      ],
      "heap": {
      },
      "globals": {
        "gimme": "#<Method: Class(Object)#gimme>"
      },
      "ordered_globals": [
        "gimme"
      ]
    },
    {
      "func_name": "<toplevel>",
      "line": 19,
      "event": "step_line",
      "stdout": "Thank you. You're welcome.\nThank you again. You're welcome.\nOops, no block. You're welcome.\n",
      "stack_to_render": [
        {
          "is_highlighted": true,
          "func_name": "<main>:20",
          "frame_id": 1,
          "unique_hash": "<main>:20_f1",
          "is_parent": false,
          "is_zombie": false,
          "parent_frame_id_list": [

          ],
          "ordered_varnames": [

          ],
          "encoded_locals": {
          }
        }
      ],
      "heap": {
      },
      "globals": {
        "gimme": "#<Method: Class(Object)#gimme>"
      },
      "ordered_globals": [
        "gimme"
      ]
    }
  ]
}
