{
  "code": "# Adapted from http://www.reactive.io/tips/2008/12/21/understanding-ruby-blocks-procs-and-lambdas/\n\ndef callbacks(procs)\n  procs[:starting].call\n\n  puts \"Still going\"\n\n  procs[:finishing].call\nend\n\nh = {:starting => Proc.new { puts \"Starting\" },\n     :finishing => Proc.new { puts \"Finishing\" }}\n\ncallbacks(h)\n",
  "trace": [
    {
      "func_name": "<toplevel>",
      "line": 3,
      "event": "step_line",
      "stdout": "",
      "stack_to_render": [
        {
          "is_highlighted": true,
          "func_name": "<main>:3",
          "frame_id": 1,
          "unique_hash": "<main>:3_f1",
          "is_parent": false,
          "is_zombie": false,
          "parent_frame_id_list": [

          ],
          "ordered_varnames": [
            "h"
          ],
          "encoded_locals": {
            "h": "nil"
          }
        }
      ],
      "heap": {
      },
      "globals": {
      },
      "ordered_globals": [

      ]
    },
    {
      "func_name": "<toplevel>",
      "line": 11,
      "event": "step_line",
      "stdout": "",
      "stack_to_render": [
        {
          "is_highlighted": true,
          "func_name": "<main>:11",
          "frame_id": 1,
          "unique_hash": "<main>:11_f1",
          "is_parent": false,
          "is_zombie": false,
          "parent_frame_id_list": [

          ],
          "ordered_varnames": [
            "h"
          ],
          "encoded_locals": {
            "h": "nil"
          }
        }
      ],
      "heap": {
      },
      "globals": {
        "callbacks": "#<Method: Class(Object)#callbacks>"
      },
      "ordered_globals": [
        "callbacks"
      ]
    },
    {
      "func_name": "<toplevel>",
      "line": 14,
      "event": "step_line",
      "stdout": "",
      "stack_to_render": [
        {
          "is_highlighted": true,
          "func_name": "<main>:14",
          "frame_id": 1,
          "unique_hash": "<main>:14_f1",
          "is_parent": false,
          "is_zombie": false,
          "parent_frame_id_list": [

          ],
          "ordered_varnames": [
            "h"
          ],
          "encoded_locals": {
            "h": "{:starting=>#<Proc:0x007fa7db4a2d08@(eval):11>, :finishing=>#<Proc:0x007fa7db4a2cb8@(eval):12>}"
          }
        }
      ],
      "heap": {
      },
      "globals": {
        "callbacks": "#<Method: Class(Object)#callbacks>"
      },
      "ordered_globals": [
        "callbacks"
      ]
    },
    {
      "func_name": "<toplevel>",
      "line": 3,
      "event": "call",
      "stdout": "",
      "stack_to_render": [
        {
          "is_highlighted": false,
          "func_name": "<main>:14",
          "frame_id": 1,
          "unique_hash": "<main>:14_f1",
          "is_parent": false,
          "is_zombie": false,
          "parent_frame_id_list": [

          ],
          "ordered_varnames": [
            "h"
          ],
          "encoded_locals": {
            "h": "{:starting=>#<Proc:0x007fa7db4a2d08@(eval):11>, :finishing=>#<Proc:0x007fa7db4a2cb8@(eval):12>}"
          }
        },
        {
          "is_highlighted": true,
          "func_name": "callbacks:3",
          "frame_id": 2,
          "unique_hash": "callbacks:3_f2",
          "is_parent": false,
          "is_zombie": false,
          "parent_frame_id_list": [

          ],
          "ordered_varnames": [
            "procs"
          ],
          "encoded_locals": {
            "procs": "{:starting=>#<Proc:0x007fa7db4a2d08@(eval):11>, :finishing=>#<Proc:0x007fa7db4a2cb8@(eval):12>}"
          }
        }
      ],
      "heap": {
      },
      "globals": {
        "callbacks": "#<Method: Class(Object)#callbacks>"
      },
      "ordered_globals": [
        "callbacks"
      ]
    },
    {
      "func_name": "<toplevel>",
      "line": 4,
      "event": "step_line",
      "stdout": "",
      "stack_to_render": [
        {
          "is_highlighted": false,
          "func_name": "<main>:14",
          "frame_id": 1,
          "unique_hash": "<main>:14_f1",
          "is_parent": false,
          "is_zombie": false,
          "parent_frame_id_list": [

          ],
          "ordered_varnames": [
            "h"
          ],
          "encoded_locals": {
            "h": "{:starting=>#<Proc:0x007fa7db4a2d08@(eval):11>, :finishing=>#<Proc:0x007fa7db4a2cb8@(eval):12>}"
          }
        },
        {
          "is_highlighted": true,
          "func_name": "callbacks:4",
          "frame_id": 2,
          "unique_hash": "callbacks:4_f2",
          "is_parent": false,
          "is_zombie": false,
          "parent_frame_id_list": [

          ],
          "ordered_varnames": [
            "procs"
          ],
          "encoded_locals": {
            "procs": "{:starting=>#<Proc:0x007fa7db4a2d08@(eval):11>, :finishing=>#<Proc:0x007fa7db4a2cb8@(eval):12>}"
          }
        }
      ],
      "heap": {
      },
      "globals": {
        "callbacks": "#<Method: Class(Object)#callbacks>"
      },
      "ordered_globals": [
        "callbacks"
      ]
    },
    {
      "func_name": "<toplevel>",
      "line": 11,
      "event": "call",
      "stdout": "",
      "stack_to_render": [
        {
          "is_highlighted": false,
          "func_name": "<main>:14",
          "frame_id": 1,
          "unique_hash": "<main>:14_f1",
          "is_parent": false,
          "is_zombie": false,
          "parent_frame_id_list": [

          ],
          "ordered_varnames": [
            "h"
          ],
          "encoded_locals": {
            "h": "{:starting=>#<Proc:0x007fa7db4a2d08@(eval):11>, :finishing=>#<Proc:0x007fa7db4a2cb8@(eval):12>}"
          }
        },
        {
          "is_highlighted": false,
          "func_name": "callbacks:4",
          "frame_id": 2,
          "unique_hash": "callbacks:4_f2",
          "is_parent": false,
          "is_zombie": false,
          "parent_frame_id_list": [

          ],
          "ordered_varnames": [
            "procs"
          ],
          "encoded_locals": {
            "procs": "{:starting=>#<Proc:0x007fa7db4a2d08@(eval):11>, :finishing=>#<Proc:0x007fa7db4a2cb8@(eval):12>}"
          }
        },
        {
          "is_highlighted": true,
          "func_name": "block in <main>:11",
          "frame_id": 3,
          "unique_hash": "block in <main>:11_f3",
          "is_parent": false,
          "is_zombie": false,
          "parent_frame_id_list": [

          ],
          "ordered_varnames": [

          ],
          "encoded_locals": {
          }
        }
      ],
      "heap": {
      },
      "globals": {
        "callbacks": "#<Method: Class(Object)#callbacks>"
      },
      "ordered_globals": [
        "callbacks"
      ]
    },
    {
      "func_name": "<toplevel>",
      "line": 11,
      "event": "step_line",
      "stdout": "",
      "stack_to_render": [
        {
          "is_highlighted": false,
          "func_name": "<main>:14",
          "frame_id": 1,
          "unique_hash": "<main>:14_f1",
          "is_parent": false,
          "is_zombie": false,
          "parent_frame_id_list": [

          ],
          "ordered_varnames": [
            "h"
          ],
          "encoded_locals": {
            "h": "{:starting=>#<Proc:0x007fa7db4a2d08@(eval):11>, :finishing=>#<Proc:0x007fa7db4a2cb8@(eval):12>}"
          }
        },
        {
          "is_highlighted": false,
          "func_name": "callbacks:4",
          "frame_id": 2,
          "unique_hash": "callbacks:4_f2",
          "is_parent": false,
          "is_zombie": false,
          "parent_frame_id_list": [

          ],
          "ordered_varnames": [
            "procs"
          ],
          "encoded_locals": {
            "procs": "{:starting=>#<Proc:0x007fa7db4a2d08@(eval):11>, :finishing=>#<Proc:0x007fa7db4a2cb8@(eval):12>}"
          }
        },
        {
          "is_highlighted": true,
          "func_name": "block in <main>:11",
          "frame_id": 3,
          "unique_hash": "block in <main>:11_f3",
          "is_parent": false,
          "is_zombie": false,
          "parent_frame_id_list": [

          ],
          "ordered_varnames": [

          ],
          "encoded_locals": {
          }
        }
      ],
      "heap": {
      },
      "globals": {
        "callbacks": "#<Method: Class(Object)#callbacks>"
      },
      "ordered_globals": [
        "callbacks"
      ]
    },
    {
      "func_name": "<toplevel>",
      "line": 11,
      "event": "return",
      "stdout": "Starting\n",
      "stack_to_render": [
        {
          "is_highlighted": false,
          "func_name": "<main>:14",
          "frame_id": 1,
          "unique_hash": "<main>:14_f1",
          "is_parent": false,
          "is_zombie": false,
          "parent_frame_id_list": [

          ],
          "ordered_varnames": [
            "h"
          ],
          "encoded_locals": {
            "h": "{:starting=>#<Proc:0x007fa7db4a2d08@(eval):11>, :finishing=>#<Proc:0x007fa7db4a2cb8@(eval):12>}"
          }
        },
        {
          "is_highlighted": false,
          "func_name": "callbacks:4",
          "frame_id": 2,
          "unique_hash": "callbacks:4_f2",
          "is_parent": false,
          "is_zombie": false,
          "parent_frame_id_list": [

          ],
          "ordered_varnames": [
            "procs"
          ],
          "encoded_locals": {
            "procs": "{:starting=>#<Proc:0x007fa7db4a2d08@(eval):11>, :finishing=>#<Proc:0x007fa7db4a2cb8@(eval):12>}"
          }
        },
        {
          "is_highlighted": true,
          "func_name": "block in <main>:11",
          "frame_id": 3,
          "unique_hash": "block in <main>:11_f3",
          "is_parent": false,
          "is_zombie": false,
          "parent_frame_id_list": [

          ],
          "ordered_varnames": [
            "__return__"
          ],
          "encoded_locals": {
            "__return__": "nil"
          }
        }
      ],
      "heap": {
      },
      "globals": {
        "callbacks": "#<Method: Class(Object)#callbacks>"
      },
      "ordered_globals": [
        "callbacks"
      ]
    },
    {
      "func_name": "<toplevel>",
      "line": 6,
      "event": "step_line",
      "stdout": "Starting\n",
      "stack_to_render": [
        {
          "is_highlighted": false,
          "func_name": "<main>:14",
          "frame_id": 1,
          "unique_hash": "<main>:14_f1",
          "is_parent": false,
          "is_zombie": false,
          "parent_frame_id_list": [

          ],
          "ordered_varnames": [
            "h"
          ],
          "encoded_locals": {
            "h": "{:starting=>#<Proc:0x007fa7db4a2d08@(eval):11>, :finishing=>#<Proc:0x007fa7db4a2cb8@(eval):12>}"
          }
        },
        {
          "is_highlighted": true,
          "func_name": "callbacks:6",
          "frame_id": 2,
          "unique_hash": "callbacks:6_f2",
          "is_parent": false,
          "is_zombie": false,
          "parent_frame_id_list": [

          ],
          "ordered_varnames": [
            "procs"
          ],
          "encoded_locals": {
            "procs": "{:starting=>#<Proc:0x007fa7db4a2d08@(eval):11>, :finishing=>#<Proc:0x007fa7db4a2cb8@(eval):12>}"
          }
        }
      ],
      "heap": {
      },
      "globals": {
        "callbacks": "#<Method: Class(Object)#callbacks>"
      },
      "ordered_globals": [
        "callbacks"
      ]
    },
    {
      "func_name": "<toplevel>",
      "line": 8,
      "event": "step_line",
      "stdout": "Starting\nStill going\n",
      "stack_to_render": [
        {
          "is_highlighted": false,
          "func_name": "<main>:14",
          "frame_id": 1,
          "unique_hash": "<main>:14_f1",
          "is_parent": false,
          "is_zombie": false,
          "parent_frame_id_list": [

          ],
          "ordered_varnames": [
            "h"
          ],
          "encoded_locals": {
            "h": "{:starting=>#<Proc:0x007fa7db4a2d08@(eval):11>, :finishing=>#<Proc:0x007fa7db4a2cb8@(eval):12>}"
          }
        },
        {
          "is_highlighted": true,
          "func_name": "callbacks:8",
          "frame_id": 2,
          "unique_hash": "callbacks:8_f2",
          "is_parent": false,
          "is_zombie": false,
          "parent_frame_id_list": [

          ],
          "ordered_varnames": [
            "procs"
          ],
          "encoded_locals": {
            "procs": "{:starting=>#<Proc:0x007fa7db4a2d08@(eval):11>, :finishing=>#<Proc:0x007fa7db4a2cb8@(eval):12>}"
          }
        }
      ],
      "heap": {
      },
      "globals": {
        "callbacks": "#<Method: Class(Object)#callbacks>"
      },
      "ordered_globals": [
        "callbacks"
      ]
    },
    {
      "func_name": "<toplevel>",
      "line": 12,
      "event": "call",
      "stdout": "Starting\nStill going\n",
      "stack_to_render": [
        {
          "is_highlighted": false,
          "func_name": "<main>:14",
          "frame_id": 1,
          "unique_hash": "<main>:14_f1",
          "is_parent": false,
          "is_zombie": false,
          "parent_frame_id_list": [

          ],
          "ordered_varnames": [
            "h"
          ],
          "encoded_locals": {
            "h": "{:starting=>#<Proc:0x007fa7db4a2d08@(eval):11>, :finishing=>#<Proc:0x007fa7db4a2cb8@(eval):12>}"
          }
        },
        {
          "is_highlighted": false,
          "func_name": "callbacks:8",
          "frame_id": 2,
          "unique_hash": "callbacks:8_f2",
          "is_parent": false,
          "is_zombie": false,
          "parent_frame_id_list": [

          ],
          "ordered_varnames": [
            "procs"
          ],
          "encoded_locals": {
            "procs": "{:starting=>#<Proc:0x007fa7db4a2d08@(eval):11>, :finishing=>#<Proc:0x007fa7db4a2cb8@(eval):12>}"
          }
        },
        {
          "is_highlighted": true,
          "func_name": "block in <main>:12",
          "frame_id": 3,
          "unique_hash": "block in <main>:12_f3",
          "is_parent": false,
          "is_zombie": false,
          "parent_frame_id_list": [

          ],
          "ordered_varnames": [

          ],
          "encoded_locals": {
          }
        }
      ],
      "heap": {
      },
      "globals": {
        "callbacks": "#<Method: Class(Object)#callbacks>"
      },
      "ordered_globals": [
        "callbacks"
      ]
    },
    {
      "func_name": "<toplevel>",
      "line": 12,
      "event": "step_line",
      "stdout": "Starting\nStill going\n",
      "stack_to_render": [
        {
          "is_highlighted": false,
          "func_name": "<main>:14",
          "frame_id": 1,
          "unique_hash": "<main>:14_f1",
          "is_parent": false,
          "is_zombie": false,
          "parent_frame_id_list": [

          ],
          "ordered_varnames": [
            "h"
          ],
          "encoded_locals": {
            "h": "{:starting=>#<Proc:0x007fa7db4a2d08@(eval):11>, :finishing=>#<Proc:0x007fa7db4a2cb8@(eval):12>}"
          }
        },
        {
          "is_highlighted": false,
          "func_name": "callbacks:8",
          "frame_id": 2,
          "unique_hash": "callbacks:8_f2",
          "is_parent": false,
          "is_zombie": false,
          "parent_frame_id_list": [

          ],
          "ordered_varnames": [
            "procs"
          ],
          "encoded_locals": {
            "procs": "{:starting=>#<Proc:0x007fa7db4a2d08@(eval):11>, :finishing=>#<Proc:0x007fa7db4a2cb8@(eval):12>}"
          }
        },
        {
          "is_highlighted": true,
          "func_name": "block in <main>:12",
          "frame_id": 3,
          "unique_hash": "block in <main>:12_f3",
          "is_parent": false,
          "is_zombie": false,
          "parent_frame_id_list": [

          ],
          "ordered_varnames": [

          ],
          "encoded_locals": {
          }
        }
      ],
      "heap": {
      },
      "globals": {
        "callbacks": "#<Method: Class(Object)#callbacks>"
      },
      "ordered_globals": [
        "callbacks"
      ]
    },
    {
      "func_name": "<toplevel>",
      "line": 12,
      "event": "return",
      "stdout": "Starting\nStill going\nFinishing\n",
      "stack_to_render": [
        {
          "is_highlighted": false,
          "func_name": "<main>:14",
          "frame_id": 1,
          "unique_hash": "<main>:14_f1",
          "is_parent": false,
          "is_zombie": false,
          "parent_frame_id_list": [

          ],
          "ordered_varnames": [
            "h"
          ],
          "encoded_locals": {
            "h": "{:starting=>#<Proc:0x007fa7db4a2d08@(eval):11>, :finishing=>#<Proc:0x007fa7db4a2cb8@(eval):12>}"
          }
        },
        {
          "is_highlighted": false,
          "func_name": "callbacks:8",
          "frame_id": 2,
          "unique_hash": "callbacks:8_f2",
          "is_parent": false,
          "is_zombie": false,
          "parent_frame_id_list": [

          ],
          "ordered_varnames": [
            "procs"
          ],
          "encoded_locals": {
            "procs": "{:starting=>#<Proc:0x007fa7db4a2d08@(eval):11>, :finishing=>#<Proc:0x007fa7db4a2cb8@(eval):12>}"
          }
        },
        {
          "is_highlighted": true,
          "func_name": "block in <main>:12",
          "frame_id": 3,
          "unique_hash": "block in <main>:12_f3",
          "is_parent": false,
          "is_zombie": false,
          "parent_frame_id_list": [

          ],
          "ordered_varnames": [
            "__return__"
          ],
          "encoded_locals": {
            "__return__": "nil"
          }
        }
      ],
      "heap": {
      },
      "globals": {
        "callbacks": "#<Method: Class(Object)#callbacks>"
      },
      "ordered_globals": [
        "callbacks"
      ]
    },
    {
      "func_name": "<toplevel>",
      "line": 9,
      "event": "return",
      "stdout": "Starting\nStill going\nFinishing\n",
      "stack_to_render": [
        {
          "is_highlighted": false,
          "func_name": "<main>:14",
          "frame_id": 1,
          "unique_hash": "<main>:14_f1",
          "is_parent": false,
          "is_zombie": false,
          "parent_frame_id_list": [

          ],
          "ordered_varnames": [
            "h"
          ],
          "encoded_locals": {
            "h": "{:starting=>#<Proc:0x007fa7db4a2d08@(eval):11>, :finishing=>#<Proc:0x007fa7db4a2cb8@(eval):12>}"
          }
        },
        {
          "is_highlighted": true,
          "func_name": "callbacks:9",
          "frame_id": 2,
          "unique_hash": "callbacks:9_f2",
          "is_parent": false,
          "is_zombie": false,
          "parent_frame_id_list": [

          ],
          "ordered_varnames": [
            "procs",
            "__return__"
          ],
          "encoded_locals": {
            "procs": "{:starting=>#<Proc:0x007fa7db4a2d08@(eval):11>, :finishing=>#<Proc:0x007fa7db4a2cb8@(eval):12>}",
            "__return__": "nil"
          }
        }
      ],
      "heap": {
      },
      "globals": {
        "callbacks": "#<Method: Class(Object)#callbacks>"
      },
      "ordered_globals": [
        "callbacks"
      ]
    },
    {
      "func_name": "<toplevel>",
      "line": 14,
      "event": "step_line",
      "stdout": "Starting\nStill going\nFinishing\n",
      "stack_to_render": [
        {
          "is_highlighted": true,
          "func_name": "<main>:15",
          "frame_id": 1,
          "unique_hash": "<main>:15_f1",
          "is_parent": false,
          "is_zombie": false,
          "parent_frame_id_list": [

          ],
          "ordered_varnames": [
            "h"
          ],
          "encoded_locals": {
            "h": "{:starting=>#<Proc:0x007fa7db4a2d08@(eval):11>, :finishing=>#<Proc:0x007fa7db4a2cb8@(eval):12>}"
          }
        }
      ],
      "heap": {
      },
      "globals": {
        "callbacks": "#<Method: Class(Object)#callbacks>"
      },
      "ordered_globals": [
        "callbacks"
      ]
    }
  ]
}
